// Jest Snapshot v1, https://goo.gl/fbAQLP

exports[`renders Settings view correctly 1`] = `
<View
  style={
    Object {
      "flex": 1,
    }
  }
>
  <View
    appearance="default"
    level="1"
    style={
      Array [
        Object {
          "backgroundColor": "#FFFFFF",
        },
        Object {
          "alignItems": "center",
          "backgroundColor": "rgb(54, 188, 238)",
          "flex": 1,
        },
      ]
    }
  >
    <View
      style={
        Object {
          "flex": 1,
          "justifyContent": "flex-start",
          "marginTop": 100,
          "width": "90%",
        }
      }
    >
      <View
        style={
          Object {
            "marginTop": 20,
          }
        }
      >
        <Text
          appearance="default"
          category="h6"
          style={
            Array [
              Object {
                "color": "#222B45",
                "fontFamily": "System",
                "fontSize": 18,
                "fontWeight": "800",
              },
              Object {
                "color": "white",
                "marginBottom": 5,
                "textAlign": "center",
              },
            ]
          }
        >
          Unity
        </Text>
        <View
          style={
            Object {
              "textAlign": "center",
              "width": "100%",
            }
          }
        >
          <View
            accessible={true}
            focusable={true}
            onClick={[Function]}
            onLayout={[Function]}
            onResponderGrant={[Function]}
            onResponderMove={[Function]}
            onResponderRelease={[Function]}
            onResponderTerminate={[Function]}
            onResponderTerminationRequest={[Function]}
            onStartShouldSetResponder={[Function]}
            style={
              Object {
                "alignItems": "center",
                "backgroundColor": "#F7F9FC",
                "borderColor": "#E4E9F2",
                "borderRadius": 4,
                "borderWidth": 1,
                "flexDirection": "row",
                "justifyContent": "space-between",
                "minHeight": 40,
                "opacity": 1,
                "paddingHorizontal": 8,
                "paddingVertical": 7,
                "placeholderMarginHorizontal": 8,
              }
            }
          >
            <Text
              appearance="default"
              category="p1"
              ellipsizeMode="tail"
              numberOfLines={1}
              style={
                Array [
                  Object {
                    "color": "#222B45",
                    "fontFamily": "System",
                    "fontSize": 15,
                    "fontWeight": "400",
                  },
                  Array [
                    Object {
                      "flex": 1,
                      "textAlign": "left",
                    },
                    Object {
                      "color": "#8F9BB3",
                      "fontFamily": "System",
                      "fontSize": 15,
                      "fontWeight": "400",
                      "marginHorizontal": 8,
                    },
                    Object {
                      "color": "#222B45",
                      "fontFamily": "System",
                      "fontSize": 15,
                      "fontWeight": "600",
                      "marginHorizontal": 8,
                    },
                  ],
                ]
              }
            >
              Celsius Â°C
            </Text>
            <View
              style={
                Object {
                  "transform": Array [
                    Object {
                      "rotate": "0deg",
                    },
                  ],
                }
              }
            >
              <RNSVGSvgView
                align="xMidYMid"
                bbHeight={24}
                bbWidth={24}
                fill="#8F9BB3"
                focusable={false}
                meetOrSlice={0}
                minX={0}
                minY={0}
                style={
                  Array [
                    Object {
                      "backgroundColor": "transparent",
                      "borderWidth": 0,
                    },
                    Object {
                      "height": 24,
                      "marginHorizontal": 8,
                      "width": 24,
                    },
                    Object {
                      "flex": 0,
                      "height": 24,
                      "width": 24,
                    },
                  ]
                }
                vbHeight={24}
                vbWidth={24}
              >
                <RNSVGGroup
                  fill={4287601587}
                  propList={
                    Array [
                      "fill",
                    ]
                  }
                >
                  <RNSVGGroup>
                    <RNSVGGroup>
                      <RNSVGRect
                        height="24"
                        opacity={0}
                        width="24"
                        x={0}
                        y={0}
                      />
                      <RNSVGPath
                        d="M12 15.5a1 1 0 0 1-.71-.29l-4-4a1 1 0 1 1 1.42-1.42L12 13.1l3.3-3.18a1 1 0 1 1 1.38 1.44l-4 3.86a1 1 0 0 1-.68.28z"
                      />
                    </RNSVGGroup>
                  </RNSVGGroup>
                </RNSVGGroup>
              </RNSVGSvgView>
            </View>
          </View>
        </View>
      </View>
      <View
        style={
          Object {
            "marginTop": 20,
          }
        }
      >
        <Text
          appearance="default"
          category="h6"
          style={
            Array [
              Object {
                "color": "#222B45",
                "fontFamily": "System",
                "fontSize": 18,
                "fontWeight": "800",
              },
              Object {
                "color": "white",
                "marginBottom": 5,
                "textAlign": "center",
              },
            ]
          }
        >
          Language
        </Text>
        <View
          style={
            Object {
              "textAlign": "center",
              "width": "100%",
            }
          }
        >
          <View
            accessible={true}
            focusable={true}
            onClick={[Function]}
            onLayout={[Function]}
            onResponderGrant={[Function]}
            onResponderMove={[Function]}
            onResponderRelease={[Function]}
            onResponderTerminate={[Function]}
            onResponderTerminationRequest={[Function]}
            onStartShouldSetResponder={[Function]}
            style={
              Object {
                "alignItems": "center",
                "backgroundColor": "#F7F9FC",
                "borderColor": "#E4E9F2",
                "borderRadius": 4,
                "borderWidth": 1,
                "flexDirection": "row",
                "justifyContent": "space-between",
                "minHeight": 40,
                "opacity": 1,
                "paddingHorizontal": 8,
                "paddingVertical": 7,
                "placeholderMarginHorizontal": 8,
              }
            }
          >
            <Text
              appearance="default"
              category="p1"
              ellipsizeMode="tail"
              numberOfLines={1}
              style={
                Array [
                  Object {
                    "color": "#222B45",
                    "fontFamily": "System",
                    "fontSize": 15,
                    "fontWeight": "400",
                  },
                  Array [
                    Object {
                      "flex": 1,
                      "textAlign": "left",
                    },
                    Object {
                      "color": "#8F9BB3",
                      "fontFamily": "System",
                      "fontSize": 15,
                      "fontWeight": "400",
                      "marginHorizontal": 8,
                    },
                    Object {
                      "color": "#222B45",
                      "fontFamily": "System",
                      "fontSize": 15,
                      "fontWeight": "600",
                      "marginHorizontal": 8,
                    },
                  ],
                ]
              }
            >
              English
            </Text>
            <View
              style={
                Object {
                  "transform": Array [
                    Object {
                      "rotate": "0deg",
                    },
                  ],
                }
              }
            >
              <RNSVGSvgView
                align="xMidYMid"
                bbHeight={24}
                bbWidth={24}
                fill="#8F9BB3"
                focusable={false}
                meetOrSlice={0}
                minX={0}
                minY={0}
                style={
                  Array [
                    Object {
                      "backgroundColor": "transparent",
                      "borderWidth": 0,
                    },
                    Object {
                      "height": 24,
                      "marginHorizontal": 8,
                      "width": 24,
                    },
                    Object {
                      "flex": 0,
                      "height": 24,
                      "width": 24,
                    },
                  ]
                }
                vbHeight={24}
                vbWidth={24}
              >
                <RNSVGGroup
                  fill={4287601587}
                  propList={
                    Array [
                      "fill",
                    ]
                  }
                >
                  <RNSVGGroup>
                    <RNSVGGroup>
                      <RNSVGRect
                        height="24"
                        opacity={0}
                        width="24"
                        x={0}
                        y={0}
                      />
                      <RNSVGPath
                        d="M12 15.5a1 1 0 0 1-.71-.29l-4-4a1 1 0 1 1 1.42-1.42L12 13.1l3.3-3.18a1 1 0 1 1 1.38 1.44l-4 3.86a1 1 0 0 1-.68.28z"
                      />
                    </RNSVGGroup>
                  </RNSVGGroup>
                </RNSVGGroup>
              </RNSVGSvgView>
            </View>
          </View>
        </View>
      </View>
    </View>
  </View>
</View>
`;
