// Jest Snapshot v1, https://goo.gl/fbAQLP

exports[`renders Charts view correctly 1`] = `
<View
  style={
    Object {
      "flex": 1,
    }
  }
>
  <RNCSafeAreaProvider
    onInsetsChange={[Function]}
    style={
      Object {
        "flex": 1,
      }
    }
  >
    <View
      style={
        Object {
          "flex": 1,
          "overflow": "hidden",
        }
      }
    >
      <View
        style={
          Object {
            "flex": 1,
          }
        }
      >
        <View
          collapsable={false}
          pointerEvents="auto"
          removeClippedSubviews={false}
          style={
            Array [
              Object {
                "flex": 1,
                "overflow": "hidden",
              },
              null,
              Object {
                "bottom": 0,
                "left": 0,
                "position": "absolute",
                "right": 0,
                "top": 0,
              },
            ]
          }
        >
          <View
            style={
              Object {
                "flex": 1,
              }
            }
          >
            <View
              accessibilityElementsHidden={false}
              importantForAccessibility="auto"
              style={
                Array [
                  Object {
                    "flex": 1,
                  },
                  Object {
                    "backgroundColor": "rgb(242, 242, 242)",
                  },
                ]
              }
            >
              <View
                appearance="default"
                level="1"
                style={
                  Array [
                    Object {
                      "backgroundColor": "#FFFFFF",
                    },
                    Object {
                      "alignItems": "center",
                      "backgroundColor": "rgb(54, 188, 238)",
                      "flex": 1,
                      "justifyContent": "center",
                    },
                  ]
                }
              >
                <Image
                  source={
                    Object {
                      "testUri": "../../../src/assets/logo-lifeina.png",
                    }
                  }
                  style={
                    Object {
                      "height": 108,
                      "marginBottom": 30,
                      "width": 102,
                    }
                  }
                />
                <View
                  appearance="default"
                  style={
                    Array [
                      Object {
                        "backgroundColor": "#EDF1F7",
                        "height": 1,
                      },
                      undefined,
                    ]
                  }
                />
                <Text
                  appearance="default"
                  category="h3"
                  style={
                    Array [
                      Object {
                        "color": "#222B45",
                        "fontFamily": "System",
                        "fontSize": 30,
                        "fontWeight": "800",
                      },
                      Object {
                        "color": "white",
                        "marginBottom": 30,
                      },
                    ]
                  }
                >
                  Welcome to Lifeina
                </Text>
                <View
                  accessible={true}
                  focusable={true}
                  onClick={[Function]}
                  onResponderGrant={[Function]}
                  onResponderMove={[Function]}
                  onResponderRelease={[Function]}
                  onResponderTerminate={[Function]}
                  onResponderTerminationRequest={[Function]}
                  onStartShouldSetResponder={[Function]}
                  style={
                    Object {
                      "alignItems": "center",
                      "backgroundColor": "white",
                      "borderColor": "white",
                      "borderRadius": 4,
                      "borderWidth": 1,
                      "flexDirection": "row",
                      "justifyContent": "center",
                      "marginVertical": 16,
                      "minHeight": 40,
                      "minWidth": 40,
                      "opacity": 1,
                      "paddingHorizontal": 10,
                      "paddingVertical": 12,
                    }
                  }
                >
                  <Text
                    appearance="default"
                    category="p1"
                    style={
                      Array [
                        Object {
                          "color": "#222B45",
                          "fontFamily": "System",
                          "fontSize": 15,
                          "fontWeight": "400",
                        },
                        Object {
                          "color": "#FFFFFF",
                          "fontFamily": "System",
                          "fontSize": 14,
                          "fontWeight": "bold",
                          "marginHorizontal": 10,
                        },
                      ]
                    }
                  >
                    <Text
                      appearance="default"
                      category="p1"
                      style={
                        Array [
                          Object {
                            "color": "#222B45",
                            "fontFamily": "System",
                            "fontSize": 15,
                            "fontWeight": "400",
                          },
                          undefined,
                        ]
                      }
                      styles={
                        Object {
                          "textAlign": "center",
                        }
                      }
                    >
                      <Text
                        appearance="default"
                        category="p1"
                        style={
                          Array [
                            Object {
                              "color": "#222B45",
                              "fontFamily": "System",
                              "fontSize": 15,
                              "fontWeight": "400",
                            },
                            undefined,
                          ]
                        }
                      >
                        FIND MY LIFEINABOX
                      </Text>
                    </Text>
                  </Text>
                </View>
              </View>
            </View>
          </View>
        </View>
      </View>
      <View
        appearance="default"
        onSelect={[Function]}
        selectedIndex={0}
        style={
          Array [
            Object {
              "backgroundColor": "#FFFFFF",
              "minHeight": 56,
              "paddingVertical": 4,
            },
            Object {
              "flexDirection": "row",
            },
            Object {
              "backgroundColor": "white",
            },
          ]
        }
      >
        <View
          onLayout={[Function]}
          positions={3}
          selectedPosition={0}
          style={
            Object {
              "backgroundColor": "#36BDEE",
              "height": 4,
              "position": "absolute",
              "transform": Array [
                Object {
                  "translateX": 0,
                },
              ],
              "width": "33.333333333333336%",
            }
          }
        />
        <View
          accessible={true}
          focusable={true}
          onClick={[Function]}
          onResponderGrant={[Function]}
          onResponderMove={[Function]}
          onResponderRelease={[Function]}
          onResponderTerminate={[Function]}
          onResponderTerminationRequest={[Function]}
          onStartShouldSetResponder={[Function]}
          style={
            Object {
              "alignItems": "center",
              "flex": 1,
              "justifyContent": "center",
              "opacity": 1,
            }
          }
        >
          <View
            style={
              Object {
                "transform": Array [
                  Object {
                    "scale": 1,
                  },
                ],
              }
            }
          >
            <RNSVGSvgView
              align="xMidYMid"
              bbHeight={24}
              bbWidth={24}
              fill="#36BDEE"
              focusable={false}
              meetOrSlice={0}
              minX={0}
              minY={0}
              style={
                Array [
                  Object {
                    "backgroundColor": "transparent",
                    "borderWidth": 0,
                  },
                  Object {
                    "height": 24,
                    "marginVertical": 2,
                    "tintColor": "#36BDEE",
                    "width": 24,
                  },
                  Object {
                    "flex": 0,
                    "height": 24,
                    "width": 24,
                  },
                ]
              }
              vbHeight={24}
              vbWidth={24}
            >
              <RNSVGGroup
                fill={4281777646}
                propList={
                  Array [
                    "fill",
                  ]
                }
              >
                <RNSVGGroup>
                  <RNSVGGroup>
                    <RNSVGRect
                      height="24"
                      opacity={0}
                      width="24"
                      x={0}
                      y={0}
                    />
                    <RNSVGPath
                      d="M20.42 10.18L12.71 2.3a1 1 0 0 0-1.42 0l-7.71 7.89A2 2 0 0 0 3 11.62V20a2 2 0 0 0 1.89 2h14.22A2 2 0 0 0 21 20v-8.38a2.07 2.07 0 0 0-.58-1.44zM10 20v-6h4v6zm9 0h-3v-7a1 1 0 0 0-1-1H9a1 1 0 0 0-1 1v7H5v-8.42l7-7.15 7 7.19z"
                    />
                  </RNSVGGroup>
                </RNSVGGroup>
              </RNSVGGroup>
            </RNSVGSvgView>
          </View>
          <Text
            appearance="default"
            category="p1"
            style={
              Array [
                Object {
                  "color": "#222B45",
                  "fontFamily": "System",
                  "fontSize": 15,
                  "fontWeight": "400",
                },
                Object {
                  "color": "#36BDEE",
                  "fontFamily": "System",
                  "fontSize": 12,
                  "fontWeight": "600",
                  "marginVertical": 2,
                },
              ]
            }
          >
            Home
          </Text>
        </View>
        <View
          accessible={true}
          focusable={true}
          onClick={[Function]}
          onResponderGrant={[Function]}
          onResponderMove={[Function]}
          onResponderRelease={[Function]}
          onResponderTerminate={[Function]}
          onResponderTerminationRequest={[Function]}
          onStartShouldSetResponder={[Function]}
          style={
            Object {
              "alignItems": "center",
              "flex": 1,
              "justifyContent": "center",
              "opacity": 1,
            }
          }
        >
          <View
            style={
              Object {
                "transform": Array [
                  Object {
                    "scale": 1,
                  },
                ],
              }
            }
          >
            <RNSVGSvgView
              align="xMidYMid"
              bbHeight={24}
              bbWidth={24}
              fill="#8F9BB3"
              focusable={false}
              meetOrSlice={0}
              minX={0}
              minY={0}
              style={
                Array [
                  Object {
                    "backgroundColor": "transparent",
                    "borderWidth": 0,
                  },
                  Object {
                    "height": 24,
                    "marginVertical": 2,
                    "tintColor": "#8F9BB3",
                    "width": 24,
                  },
                  Object {
                    "flex": 0,
                    "height": 24,
                    "width": 24,
                  },
                ]
              }
              vbHeight={24}
              vbWidth={24}
            >
              <RNSVGGroup
                fill={4287601587}
                propList={
                  Array [
                    "fill",
                  ]
                }
              >
                <RNSVGGroup>
                  <RNSVGGroup>
                    <RNSVGRect
                      height="24"
                      matrix={
                        Array [
                          6.123233995736766e-17,
                          1,
                          -1,
                          6.123233995736766e-17,
                          24,
                          0,
                        ]
                      }
                      opacity={0}
                      width="24"
                      x={0}
                      y={0}
                    />
                    <RNSVGPath
                      d="M12 4a1 1 0 0 0-1 1v15a1 1 0 0 0 2 0V5a1 1 0 0 0-1-1z"
                    />
                    <RNSVGPath
                      d="M19 12a1 1 0 0 0-1 1v7a1 1 0 0 0 2 0v-7a1 1 0 0 0-1-1z"
                    />
                    <RNSVGPath
                      d="M5 8a1 1 0 0 0-1 1v11a1 1 0 0 0 2 0V9a1 1 0 0 0-1-1z"
                    />
                  </RNSVGGroup>
                </RNSVGGroup>
              </RNSVGGroup>
            </RNSVGSvgView>
          </View>
          <Text
            appearance="default"
            category="p1"
            style={
              Array [
                Object {
                  "color": "#222B45",
                  "fontFamily": "System",
                  "fontSize": 15,
                  "fontWeight": "400",
                },
                Object {
                  "color": "#8F9BB3",
                  "fontFamily": "System",
                  "fontSize": 12,
                  "fontWeight": "600",
                  "marginVertical": 2,
                },
              ]
            }
          >
            Charts
          </Text>
        </View>
        <View
          accessible={true}
          focusable={true}
          onClick={[Function]}
          onResponderGrant={[Function]}
          onResponderMove={[Function]}
          onResponderRelease={[Function]}
          onResponderTerminate={[Function]}
          onResponderTerminationRequest={[Function]}
          onStartShouldSetResponder={[Function]}
          style={
            Object {
              "alignItems": "center",
              "flex": 1,
              "justifyContent": "center",
              "opacity": 1,
            }
          }
        >
          <View
            style={
              Object {
                "transform": Array [
                  Object {
                    "scale": 1,
                  },
                ],
              }
            }
          >
            <RNSVGSvgView
              align="xMidYMid"
              bbHeight={24}
              bbWidth={24}
              fill="#8F9BB3"
              focusable={false}
              meetOrSlice={0}
              minX={0}
              minY={0}
              style={
                Array [
                  Object {
                    "backgroundColor": "transparent",
                    "borderWidth": 0,
                  },
                  Object {
                    "height": 24,
                    "marginVertical": 2,
                    "tintColor": "#8F9BB3",
                    "width": 24,
                  },
                  Object {
                    "flex": 0,
                    "height": 24,
                    "width": 24,
                  },
                ]
              }
              vbHeight={24}
              vbWidth={24}
            >
              <RNSVGGroup
                fill={4287601587}
                propList={
                  Array [
                    "fill",
                  ]
                }
              >
                <RNSVGGroup>
                  <RNSVGGroup>
                    <RNSVGRect
                      height="24"
                      matrix={
                        Array [
                          -1,
                          1.2246467991473532e-16,
                          -1.2246467991473532e-16,
                          -1,
                          24,
                          24,
                        ]
                      }
                      opacity={0}
                      width="24"
                      x={0}
                      y={0}
                    />
                    <RNSVGPath
                      d="M12.94 22h-1.89a1.68 1.68 0 0 1-1.68-1.68v-1.09a.34.34 0 0 0-.22-.29.38.38 0 0 0-.41 0l-.74.8a1.67 1.67 0 0 1-2.37 0L4.26 18.4a1.66 1.66 0 0 1-.5-1.19 1.72 1.72 0 0 1 .5-1.21l.74-.74a.34.34 0 0 0 0-.37c-.06-.15-.16-.26-.3-.26H3.68A1.69 1.69 0 0 1 2 12.94v-1.89a1.68 1.68 0 0 1 1.68-1.68h1.09a.34.34 0 0 0 .29-.22.38.38 0 0 0 0-.41L4.26 8a1.67 1.67 0 0 1 0-2.37L5.6 4.26a1.65 1.65 0 0 1 1.18-.5 1.72 1.72 0 0 1 1.22.5l.74.74a.34.34 0 0 0 .37 0c.15-.06.26-.16.26-.3V3.68A1.69 1.69 0 0 1 11.06 2H13a1.68 1.68 0 0 1 1.68 1.68v1.09a.34.34 0 0 0 .22.29.38.38 0 0 0 .41 0l.69-.8a1.67 1.67 0 0 1 2.37 0l1.37 1.34a1.67 1.67 0 0 1 .5 1.19 1.63 1.63 0 0 1-.5 1.21l-.74.74a.34.34 0 0 0 0 .37c.06.15.16.26.3.26h1.09A1.69 1.69 0 0 1 22 11.06V13a1.68 1.68 0 0 1-1.68 1.68h-1.09a.34.34 0 0 0-.29.22.34.34 0 0 0 0 .37l.77.77a1.67 1.67 0 0 1 0 2.37l-1.31 1.33a1.65 1.65 0 0 1-1.18.5 1.72 1.72 0 0 1-1.19-.5l-.77-.74a.34.34 0 0 0-.37 0c-.15.06-.26.16-.26.3v1.09A1.69 1.69 0 0 1 12.94 22zm-1.57-2h1.26v-.77a2.33 2.33 0 0 1 1.46-2.14 2.36 2.36 0 0 1 2.59.47l.54.54.88-.88-.54-.55a2.34 2.34 0 0 1-.48-2.56 2.33 2.33 0 0 1 2.14-1.45H20v-1.29h-.77a2.33 2.33 0 0 1-2.14-1.46 2.36 2.36 0 0 1 .47-2.59l.54-.54-.88-.88-.55.54a2.39 2.39 0 0 1-4-1.67V4h-1.3v.77a2.33 2.33 0 0 1-1.46 2.14 2.36 2.36 0 0 1-2.59-.47l-.54-.54-.88.88.54.55a2.39 2.39 0 0 1-1.67 4H4v1.26h.77a2.33 2.33 0 0 1 2.14 1.46 2.36 2.36 0 0 1-.47 2.59l-.54.54.88.88.55-.54a2.39 2.39 0 0 1 4 1.67z"
                    />
                    <RNSVGPath
                      d="M12 15.5a3.5 3.5 0 1 1 3.5-3.5 3.5 3.5 0 0 1-3.5 3.5zm0-5a1.5 1.5 0 1 0 1.5 1.5 1.5 1.5 0 0 0-1.5-1.5z"
                    />
                  </RNSVGGroup>
                </RNSVGGroup>
              </RNSVGGroup>
            </RNSVGSvgView>
          </View>
          <Text
            appearance="default"
            category="p1"
            style={
              Array [
                Object {
                  "color": "#222B45",
                  "fontFamily": "System",
                  "fontSize": 15,
                  "fontWeight": "400",
                },
                Object {
                  "color": "#8F9BB3",
                  "fontFamily": "System",
                  "fontSize": 12,
                  "fontWeight": "600",
                  "marginVertical": 2,
                },
              ]
            }
          >
            Settings
          </Text>
        </View>
      </View>
    </View>
  </RNCSafeAreaProvider>
</View>
`;
